// Jest Snapshot v1, https://goo.gl/fbAQLP

exports[`<GoLoginBtnContainer /> matches snapshot 1`] = `
<div>
  <button
    class="MuiButtonBase-root MuiButton-root MuiButton-contained"
    tabindex="0"
    type="button"
  >
    <span
      class="MuiButton-label"
    >
      Login
    </span>
    <span
      class="MuiTouchRipple-root"
    />
  </button>
</div>
`;
